// Vitest Snapshot v1, https://vitest.dev/guide/snapshot.html

exports[`CalculationTrace stable contract > keeps a golden snapshot for a known municipality 1`] = `
{
  "branches": [
    {
      "condition": "0 ≤ T ≤ TC en modo general; T0 ≤ T ≤ TC en modo modal",
      "firstPoint": {
        "branch": "plateau-A.2.6-3",
        "sa": 0.8124999999999999,
        "t": 0,
      },
      "formula": "Sa = 2.5 · Aa · Fa · I",
      "id": "plateau-A.2.6-3",
      "label": "Meseta de aceleración",
      "lastPoint": {
        "branch": "plateau-A.2.6-3",
        "sa": 0.8124999999999999,
        "t": 0.7015384615384616,
      },
      "pointCount": 30,
      "reference": "A.2.6.1.1, Ec. A.2.6-3",
    },
    {
      "condition": "TC < T ≤ TL",
      "firstPoint": {
        "branch": "inverse-T-A.2.6-1",
        "sa": 0.786206896551724,
        "t": 0.725,
      },
      "formula": "Sa = 1.2 · Av · Fv · I / T",
      "id": "inverse-T-A.2.6-1",
      "label": "Rama de velocidad constante",
      "lastPoint": {
        "branch": "inverse-T-A.2.6-1",
        "sa": 0.125,
        "t": 4.56,
      },
      "pointCount": 155,
      "reference": "A.2.6.1, Ec. A.2.6-1",
    },
    {
      "condition": "T > TL",
      "firstPoint": {
        "branch": "inverse-T2-A.2.6-5",
        "sa": 0.12418167159365759,
        "t": 4.575,
      },
      "formula": "Sa = 1.2 · Av · Fv · TL · I / T²",
      "id": "inverse-T2-A.2.6-5",
      "label": "Rama de desplazamiento constante",
      "lastPoint": {
        "branch": "inverse-T2-A.2.6-5",
        "sa": 0.07219999999999999,
        "t": 6,
      },
      "pointCount": 58,
      "reference": "A.2.6.1.1, Ec. A.2.6-5",
    },
  ],
  "context": {
    "dampingRatio": 0.05,
    "document": "NSR-10 Título A, versión 2017",
    "hazardLevel": "design",
    "municipality": {
      "code": "76001",
      "department": "Valle del Cauca",
      "name": "Cali",
    },
    "returnPeriodYears": 475,
    "standard": "NSR-10",
  },
  "inputs": {
    "aa": 0.25,
    "ad": 0.09,
    "ae": 0.15,
    "av": 0.25,
    "hazardLevel": "design",
    "importanceGroup": "I",
    "mode": "general",
    "soilProfile": "D",
  },
  "representativePoints": [
    {
      "label": "Punto de control",
      "point": {
        "branch": "plateau-A.2.6-3",
        "sa": 0.8124999999999999,
        "t": 0,
      },
      "step": {
        "dependencies": [
          "sa-max",
        ],
        "formula": "Sa = 2.5 · Aa · Fa · I",
        "id": "sa-at-0",
        "label": "Ordenada espectral en T = 0 s",
        "reference": "A.2.6.1.1, Ec. A.2.6-3",
        "result": 0.8124999999999999,
        "substitution": "0.8124999999999999",
        "unit": "g",
      },
    },
    {
      "label": "Punto de control",
      "point": {
        "branch": "plateau-A.2.6-3",
        "sa": 0.8124999999999999,
        "t": 0.7015384615384616,
      },
      "step": {
        "dependencies": [
          "sa-max",
        ],
        "formula": "Sa = 2.5 · Aa · Fa · I",
        "id": "sa-at-0.7015384615384616",
        "label": "Ordenada espectral en T = 0.7015384615384616 s",
        "reference": "A.2.6.1.1, Ec. A.2.6-3",
        "result": 0.8124999999999999,
        "substitution": "0.8124999999999999",
        "unit": "g",
      },
    },
    {
      "label": "Punto de control",
      "point": {
        "branch": "inverse-T-A.2.6-1",
        "sa": 0.125,
        "t": 4.56,
      },
      "step": {
        "dependencies": [
          "fv",
          "importance",
        ],
        "formula": "Sa = 1.2 · Av · Fv · I / T",
        "id": "sa-at-4.56",
        "label": "Ordenada espectral en T = 4.56 s",
        "reference": "A.2.6.1, Ec. A.2.6-1",
        "result": 0.125,
        "substitution": "1.2 · 0.25 · 1.9 · 1 / 4.56",
        "unit": "g",
      },
    },
    {
      "label": "Final del intervalo graficado",
      "point": {
        "branch": "inverse-T2-A.2.6-5",
        "sa": 0.07219999999999999,
        "t": 6,
      },
      "step": {
        "dependencies": [
          "fv",
          "tl",
          "importance",
        ],
        "formula": "Sa = 1.2 · Av · Fv · TL · I / T²",
        "id": "sa-at-6",
        "label": "Ordenada espectral en T = 6 s",
        "reference": "A.2.6.1.1, Ec. A.2.6-5",
        "result": 0.07219999999999999,
        "substitution": "1.2 · 0.25 · 1.9 · 4.56 · 1 / 6²",
        "unit": "g",
      },
    },
  ],
  "schemaVersion": 1,
  "siteCoefficients": {
    "fa": {
      "clampedTo": null,
      "coefficient": "fa",
      "fraction": 0.5,
      "input": 0.25,
      "inputParameter": "Aa",
      "lower": {
        "breakpoint": 0.2,
        "value": 1.4,
      },
      "mode": "fraction",
      "parameter": "Aa",
      "result": 1.2999999999999998,
      "soilProfile": "D",
      "tableId": "A.2.4-3",
      "upper": {
        "breakpoint": 0.3,
        "value": 1.2,
      },
    },
    "fv": {
      "clampedTo": null,
      "coefficient": "fv",
      "fraction": 0.5,
      "input": 0.25,
      "inputParameter": "Av",
      "lower": {
        "breakpoint": 0.2,
        "value": 2,
      },
      "mode": "fraction",
      "parameter": "Av",
      "result": 1.9,
      "soilProfile": "D",
      "tableId": "A.2.4-4",
      "upper": {
        "breakpoint": 0.3,
        "value": 1.8,
      },
    },
  },
  "steps": [
    {
      "dependencies": [],
      "formula": "Fa = interpolación lineal por perfil de suelo",
      "id": "fa",
      "label": "Coeficiente de sitio Fa",
      "reference": "Tabla A.2.4-3",
      "result": 1.2999999999999998,
      "substitution": "Aa = 0.25; 1.4 + 0.5 · (1.2 − 1.4)",
      "unit": "",
    },
    {
      "dependencies": [],
      "formula": "Fv = interpolación lineal por perfil de suelo",
      "id": "fv",
      "label": "Coeficiente de sitio Fv",
      "reference": "Tabla A.2.4-4",
      "result": 1.9,
      "substitution": "Av = 0.25; 2 + 0.5 · (1.8 − 2)",
      "unit": "",
    },
    {
      "dependencies": [],
      "formula": "I = valor del grupo de uso",
      "id": "importance",
      "label": "Coeficiente de importancia",
      "reference": "A.2.5.2, Tabla A.2.5-1",
      "result": 1,
      "substitution": "1",
      "unit": "",
    },
    {
      "dependencies": [
        "fa",
        "fv",
      ],
      "formula": "T0 = 0.1 · Av · Fv / (Aa · Fa)",
      "id": "t0",
      "label": "Período inicial de control",
      "reference": "A.2.6.1.2",
      "result": 0.14615384615384616,
      "substitution": "0.1 · 0.25 · 1.9 / (0.25 · 1.2999999999999998)",
      "unit": "s",
    },
    {
      "dependencies": [
        "fa",
        "fv",
      ],
      "formula": "TC = 0.48 · Av · Fv / (Aa · Fa)",
      "id": "tc",
      "label": "Período de transición corto",
      "reference": "A.2.6.1.1",
      "result": 0.7015384615384616,
      "substitution": "0.48 · 0.25 · 1.9 / (0.25 · 1.2999999999999998)",
      "unit": "s",
    },
    {
      "dependencies": [
        "fv",
      ],
      "formula": "TL = 2.4 · Fv",
      "id": "tl",
      "label": "Período de transición largo",
      "reference": "A.2.6.1.1",
      "result": 4.56,
      "substitution": "2.4 · 1.9",
      "unit": "s",
    },
    {
      "dependencies": [
        "fa",
        "importance",
      ],
      "formula": "Sa_max = 2.5 · Aa · Fa · I",
      "id": "sa-max",
      "label": "Aceleración espectral máxima",
      "reference": "A.2.6.1.1, Ec. A.2.6-3",
      "result": 0.8124999999999999,
      "substitution": "2.5 · 0.25 · 1.2999999999999998 · 1",
      "unit": "g",
    },
    {
      "dependencies": [
        "fa",
        "importance",
      ],
      "formula": "PGA = Aa · Fa · I",
      "id": "pga",
      "label": "Aceleración pico del terreno",
      "reference": "A.2.6.1.2, Ec. A.2.6-7",
      "result": 0.32499999999999996,
      "substitution": "0.25 · 1.2999999999999998 · 1",
      "unit": "g",
    },
  ],
}
`;
